// Jest Snapshot v1, https://goo.gl/fbAQLP

exports[`LoginScreen should return correctly 1`] = `
<RCTSafeAreaView
  style={
    {
      "flex": 1,
    }
  }
>
  <View
    style={
      {
        "flex": 1,
        "justifyContent": "center",
      }
    }
  >
    <View
      style={
        {
          "paddingBottom": 20,
        }
      }
    >
      <View
        style={
          {
            "marginTop": 40,
          }
        }
      >
        <Text
          style={
            {
              "color": "rgba(175, 47, 47, 0.25)",
              "fontSize": 72,
              "fontWeight": "100",
              "textAlign": "center",
            }
          }
        >
          todos
        </Text>
      </View>
    </View>
    <View
      style={
        {
          "backgroundColor": "#ffffff",
          "elevation": 3,
          "marginLeft": 20,
          "marginRight": 20,
          "shadowColor": "#000000",
          "shadowOffset": {
            "height": 3,
            "width": 3,
          },
          "shadowOpacity": 0.2,
          "shadowRadius": 3,
        }
      }
    >
      <TextInput
        onChangeText={[Function]}
        placeholder="Enter your email"
        placeholderTextColor="#CACACA"
        selectionColor="#666666"
        style={
          {
            "backgroundColor": "#ffffff",
            "height": 60,
            "paddingLeft": 10,
            "paddingRight": 10,
          }
        }
        value=""
      />
    </View>
    <View
      style={
        {
          "backgroundColor": "#ffffff",
          "elevation": 3,
          "marginLeft": 20,
          "marginRight": 20,
          "shadowColor": "#000000",
          "shadowOffset": {
            "height": 3,
            "width": 3,
          },
          "shadowOpacity": 0.2,
          "shadowRadius": 3,
        }
      }
    >
      <TextInput
        onChangeText={[Function]}
        placeholder="Enter your password"
        placeholderTextColor="#CACACA"
        selectionColor="#666666"
        style={
          {
            "backgroundColor": "#ffffff",
            "height": 60,
            "paddingLeft": 10,
            "paddingRight": 10,
          }
        }
        value=""
      />
    </View>
    <View
      style={
        {
          "alignItems": "flex-end",
        }
      }
    >
      <View
        accessibilityValue={
          {
            "max": undefined,
            "min": undefined,
            "now": undefined,
            "text": undefined,
          }
        }
        accessible={true}
        focusable={true}
        onClick={[Function]}
        onResponderGrant={[Function]}
        onResponderMove={[Function]}
        onResponderRelease={[Function]}
        onResponderTerminate={[Function]}
        onResponderTerminationRequest={[Function]}
        onStartShouldSetResponder={[Function]}
        style={
          {
            "alignItems": "center",
            "backgroundColor": "#ffffff",
            "borderColor": "rgba(0,0,0,.1)",
            "borderWidth": 1,
            "height": 50,
            "justifyContent": "center",
            "marginRight": 20,
            "marginTop": 15,
            "paddingLeft": 20,
            "paddingRight": 20,
            "width": 200,
          }
        }
      >
        <Text
          style={
            {
              "color": "#666666",
              "fontWeight": "600",
            }
          }
        >
          Submit
        </Text>
      </View>
    </View>
  </View>
</RCTSafeAreaView>
`;
