// Jest Snapshot v1, https://goo.gl/fbAQLP

exports[`EmptyState should render correctly 1`] = `
<View
  style={
    {
      "alignItems": "center",
      "flex": 1,
      "justifyContent": "center",
    }
  }
>
  <Text
    style={
      {
        "fontSize": 16,
        "fontWeight": "bold",
      }
    }
  >
    Data is empty
  </Text>
</View>
`;
