// Jest Snapshot v1, https://goo.gl/fbAQLP

exports[`Loading should render correctly when is not loading 1`] = `<View />`;

exports[`Loading should render correctly when loading 1`] = `
<View
  style={
    {
      "alignItems": "center",
      "backgroundColor": "black",
      "bottom": 0,
      "flex": 1,
      "justifyContent": "center",
      "left": 0,
      "opacity": 0.5,
      "position": "absolute",
      "right": 0,
      "top": 0,
    }
  }
>
  <ActivityIndicator
    color="#0000ff"
    size="large"
  />
</View>
`;
