// Jest Snapshot v1, https://goo.gl/fbAQLP

exports[`SubmitButton should render correctly 1`] = `
<View
  style={
    {
      "alignItems": "flex-end",
    }
  }
>
  <View
    accessibilityValue={
      {
        "max": undefined,
        "min": undefined,
        "now": undefined,
        "text": undefined,
      }
    }
    accessible={true}
    focusable={true}
    onClick={[Function]}
    onResponderGrant={[Function]}
    onResponderMove={[Function]}
    onResponderRelease={[Function]}
    onResponderTerminate={[Function]}
    onResponderTerminationRequest={[Function]}
    onStartShouldSetResponder={[Function]}
    style={
      {
        "alignItems": "center",
        "backgroundColor": "#ffffff",
        "borderColor": "rgba(0,0,0,.1)",
        "borderWidth": 1,
        "height": 50,
        "justifyContent": "center",
        "marginRight": 20,
        "marginTop": 15,
        "paddingLeft": 20,
        "paddingRight": 20,
        "width": 200,
      }
    }
  >
    <Text
      style={
        {
          "color": "#666666",
          "fontWeight": "600",
        }
      }
    >
      Title
    </Text>
  </View>
</View>
`;
