// Jest Snapshot v1, https://goo.gl/fbAQLP

exports[`ToDo should return correctly 1`] = `
<View
  style={
    {
      "alignItems": "center",
      "backgroundColor": "#ffffff",
      "borderColor": "#ededed",
      "borderWidth": 1,
      "elevation": 3,
      "flexDirection": "row",
      "marginLeft": 20,
      "marginRight": 20,
      "paddingBottom": 7,
      "paddingLeft": 14,
      "paddingTop": 7,
      "shadowColor": "#000000",
      "shadowOffset": {
        "height": 3,
        "width": 3,
      },
      "shadowOpacity": 0.2,
      "shadowRadius": 3,
    }
  }
>
  <Text
    style={
      [
        {
          "fontSize": 16,
        },
        null,
      ]
    }
  >
    title
  </Text>
  <View
    style={
      {
        "alignItems": "center",
        "flex": 1,
        "flexDirection": "row",
        "justifyContent": "flex-end",
      }
    }
  >
    <View
      accessibilityValue={
        {
          "max": undefined,
          "min": undefined,
          "now": undefined,
          "text": undefined,
        }
      }
      accessible={true}
      focusable={true}
      onClick={[Function]}
      onResponderGrant={[Function]}
      onResponderMove={[Function]}
      onResponderRelease={[Function]}
      onResponderTerminate={[Function]}
      onResponderTerminationRequest={[Function]}
      onStartShouldSetResponder={[Function]}
      style={
        {
          "alignItems": "center",
          "alignSelf": "flex-end",
          "borderColor": "#ededed",
          "borderRadius": 4,
          "borderWidth": 1,
          "marginRight": 5,
          "padding": 7,
          "width": 50,
        }
      }
    >
      <Text
        allowFontScaling={false}
        selectable={false}
        style={
          [
            {
              "color": "green",
              "fontSize": 16,
            },
            undefined,
            {
              "fontFamily": "FontAwesome",
              "fontStyle": "normal",
              "fontWeight": "normal",
            },
            {},
          ]
        }
      >
        
      </Text>
    </View>
    <View
      accessibilityValue={
        {
          "max": undefined,
          "min": undefined,
          "now": undefined,
          "text": undefined,
        }
      }
      accessible={true}
      focusable={true}
      onClick={[Function]}
      onResponderGrant={[Function]}
      onResponderMove={[Function]}
      onResponderRelease={[Function]}
      onResponderTerminate={[Function]}
      onResponderTerminationRequest={[Function]}
      onStartShouldSetResponder={[Function]}
      style={
        {
          "alignItems": "center",
          "alignSelf": "flex-end",
          "borderColor": "#ededed",
          "borderRadius": 4,
          "borderWidth": 1,
          "marginRight": 5,
          "padding": 7,
          "width": 50,
        }
      }
    >
      <Text
        allowFontScaling={false}
        selectable={false}
        style={
          [
            {
              "color": "rgba(175, 47, 47, 1)",
              "fontSize": 16,
            },
            undefined,
            {
              "fontFamily": "FontAwesome",
              "fontStyle": "normal",
              "fontWeight": "normal",
            },
            {},
          ]
        }
      >
        
      </Text>
    </View>
  </View>
</View>
`;
